file:///C:/Projects/bookstore/backend/controllers/orderController.js:7
import User from '../models/User.js';
^^^^^^^^^^^

SyntaxError: Identifier 'User' has already been declared
    at compileSourceTextModule (node:internal/modules/esm/utils:346:16)
    at ModuleLoader.moduleStrategy (node:internal/modules/esm/translators:107:18)
    at #translate (node:internal/modules/esm/loader:546:20)
    at afterLoad (node:internal/modules/esm/loader:596:29)
    at ModuleLoader.loadAndTranslate (node:internal/modules/esm/loader:601:12)
    at #createModuleJob (node:internal/modules/esm/loader:624:36)
    at #getJobFromResolveResult (node:internal/modules/esm/loader:343:34)
    at ModuleLoader.getModuleJobForImport (node:internal/modules/esm/loader:311:41)

Node.js v22.21.1
